[www.co-opbank.co.ke/campaigns/micro-small-medium-enterprises.html]
[backblue.gif]
[fade.gif]
[index.html]
[www.co-opbank.co.ke/campaigns/sites/default/files/favicon.png]
[www.co-opbank.co.ke/campaigns/node/77.html]
[www.co-opbank.co.ke/campaigns/sites/all/modules/date/date_api/date096b.css]
[www.co-opbank.co.ke/campaigns/sites/all/modules/date/date_popup/themes/datepicker.1.7096b.css]
[www.co-opbank.co.ke/campaigns/sites/all/modules/date/date_repeat_field/date_repeat_field096b.css]
[www.co-opbank.co.ke/campaigns/modules/field/theme/field096b.css]
[www.co-opbank.co.ke/campaigns/modules/user/user096b.css]
[www.co-opbank.co.ke/campaigns/sites/all/modules/views/css/views096b.css]
[www.co-opbank.co.ke/campaigns/sites/all/modules/ckeditor/css/ckeditor096b.css]
[www.co-opbank.co.ke/campaigns/sites/all/modules/media/modules/media_wysiwyg/css/media_wysiwyg.base096b.css]
[www.co-opbank.co.ke/campaigns/sites/all/modules/ctools/css/ctools096b.css]
[www.co-opbank.co.ke/campaigns/sites/all/modules/webform/css/webform096b.css]
[www.co-opbank.co.ke/campaigns/sites/all/themes/coop-forms/css/jquery-ui096b.css]
[www.co-opbank.co.ke/campaigns/sites/all/themes/coop-forms/css/reset096b.css]
[www.co-opbank.co.ke/campaigns/sites/all/themes/coop-forms/css/jquery.timepicker096b.css]
[www.co-opbank.co.ke/campaigns/sites/all/modules/jquery_update/replace/jquery/1.10/jquery.min468f.js]
[www.co-opbank.co.ke/campaigns/misc/jquery.once7839.js]
[www.co-opbank.co.ke/campaigns/misc/drupal096b.js]
[www.co-opbank.co.ke/campaigns/misc/formdf1a.js]
[www.co-opbank.co.ke/campaigns/sites/all/modules/webform/js/webform096b.js]
[www.co-opbank.co.ke/campaigns/sites/all/themes/coop-forms/js/browserselector096b.js]
[www.co-opbank.co.ke/campaigns/sites/all/themes/coop-forms/js/jquery-1.9.1096b.js]
[www.co-opbank.co.ke/campaigns/sites/all/themes/coop-forms/js/jquery-ui-1.9.2096b.js]
[www.co-opbank.co.ke/campaigns/sites/all/themes/coop-forms/js/jquery.validate096b.js]
[www.co-opbank.co.ke/campaigns/sites/all/themes/coop-forms/js/jquery.sidr096b.js]
[www.co-opbank.co.ke/campaigns/sites/all/themes/coop-forms/js/jquery.timepicker096b.js]
[www.co-opbank.co.ke/campaigns/sites/all/themes/coop-forms/js/functions096b.js]
[www.co-opbank.co.ke/campaigns/sites/all/themes/coop-forms/js/validations096b.js]
[www.co-opbank.co.ke/campaigns/sites/default/files/styles/slideshow_1440_x_550/public/campaign-banners/Banner86aa.png]
[www.co-opbank.co.ke/campaigns/sites/default/files/Download.png]
[www.co-opbank.co.ke/campaigns/sites/default/files/Mama-Mboga.jpg]
[www.co-opbank.co.ke/campaigns/sites/default/files/Fundi.png]
[www.co-opbank.co.ke/campaigns/sites/default/files/Warehouse-Boss.jpg]
[www.co-opbank.co.ke/campaigns/sites/all/themes/coop-forms/css/tradefinance.css]
[www.co-opbank.co.ke/campaigns/sites/all/themes/coop-forms/css/main.css]
[www.google-analytics.com/analytics.js]
[www.co-opbank.co.ke/campaigns/micro-small-medium-enterprises.html]
[www.co-opbank.co.ke/campaigns/node/77.html]
[www.co-opbank.co.ke/campaigns/sites/all/modules/date/date_api/date096b.css]
[www.co-opbank.co.ke/campaigns/sites/all/modules/date/date_popup/themes/datepicker.1.7096b.css]
[www.co-opbank.co.ke/campaigns/sites/all/modules/date/date_repeat_field/date_repeat_field096b.css]
[www.co-opbank.co.ke/campaigns/modules/field/theme/field096b.css]
[www.co-opbank.co.ke/campaigns/modules/user/user096b.css]
[www.co-opbank.co.ke/campaigns/sites/all/modules/views/css/views096b.css]
[www.co-opbank.co.ke/campaigns/sites/all/modules/ckeditor/css/ckeditor096b.css]
[www.co-opbank.co.ke/campaigns/sites/all/modules/media/modules/media_wysiwyg/css/media_wysiwyg.base096b.css]
[www.co-opbank.co.ke/campaigns/sites/all/modules/ctools/images/status-active.gif]
[www.co-opbank.co.ke/campaigns/sites/all/modules/ctools/css/ctools096b.css]
[www.co-opbank.co.ke/campaigns/sites/all/modules/webform/css/webform096b.css]
[www.co-opbank.co.ke/campaigns/sites/all/themes/coop-forms/css/images/ui-icons_444444_256x240.png]
[www.co-opbank.co.ke/campaigns/sites/all/themes/coop-forms/css/images/ui-icons_555555_256x240.png]
[www.co-opbank.co.ke/campaigns/sites/all/themes/coop-forms/css/jquery-ui096b.css]
[www.co-opbank.co.ke/campaigns/sites/all/themes/coop-forms/css/reset096b.css]
[www.co-opbank.co.ke/campaigns/sites/all/themes/coop-forms/css/jquery.timepicker096b.css]
[www.co-opbank.co.ke/campaigns/sites/all/themes/coop-forms/img/overlay.png]
[www.co-opbank.co.ke/campaigns/sites/all/themes/coop-forms/img/accordion_closed.png]
[www.co-opbank.co.ke/campaigns/sites/all/themes/coop-forms/img/accordion_open.png]
[www.co-opbank.co.ke/campaigns/sites/all/themes/coop-forms/css/tradefinance.css]
[www.co-opbank.co.ke/campaigns/sites/all/themes/coop-forms/css/main.css]
[www.co-opbank.co.ke/campaigns/sites/all/themes/coop-forms/css/images/ui-icons_ffffff_256x240.html]
[www.co-opbank.co.ke/campaigns/sites/all/themes/coop-forms/css/images/ui-icons_777620_256x240.html]
[www.co-opbank.co.ke/campaigns/sites/all/themes/coop-forms/css/images/ui-icons_cc0000_256x240.html]
[www.co-opbank.co.ke/campaigns/sites/all/themes/coop-forms/css/images/ui-icons_777777_256x240.html]
